---
source: crates/awm-tui/tests/snapshot.rs
assertion_line: 150
expression: buffer_to_string(tui.backend())
---
┌⠋ working  @0 builder [#1] 3600tok────────────────────────────────────────────┐
│⏺ Bash(cargo build)                                                           │
│⎿ Finished dev                                                                │
│                                                                              │
│                                                                              │
│                                                                              │
│                                                                              │
│                                                                              │
│                                                                              │
│                                                                              │
│                                                                              │
│                                                                              │
│                                                                              │
│                                                                              │
│                                                                              │
│                                                                              │
│                                                                              │
│                                                                              │
│                                                                              │
│                                                                              │
│                                                                              │
│                                                                              │
│                                                                              │
└──────────────────────────────────────────────────────────────────────────────┘
