---
source: crates/awm-tui/tests/snapshot.rs
assertion_line: 215
expression: buffer_to_string(tui.backend())
---
┌⏸ waiting: approval  ! @1 cleaner [#2] 1020tok────────────────────────────────┐
│⏸ approval: Bash rm -rf build                                                 │
│                                                                              │
│                                                                              │
│                                                                              │
│                                                                              │
│                                                                              │
│                                                                              │
│                                                                              │
│                                                                              │
│                                                                              │
└──────────────────────────────────────────────────────────────────────────────┘
┌⠋ working  @0 builder [#1] 3600tok────────────────────────────────────────────┐
│⏺ Bash(cargo build)                                                           │
│⎿ Finished dev                                                                │
│                                                                              │
│                                                                              │
│                                                                              │
│                                                                              │
│                                                                              │
│                                                                              │
│                                                                              │
│                                                                              │
└──────────────────────────────────────────────────────────────────────────────┘
