---
source: crates/awm-tui/tests/snapshot.rs
expression: buffer_to_string(tui.backend())
---
┌@0 worker [-] working 0tok────────────────────────────────┐
│Here are the phases:                                      │
│                                                          │
│┌───────┬────────┬──────────────────────┐                 │
││ Phase │ Status │ Notes                │                 │
│├───────┼────────┼──────────────────────┤                 │
││ 0     │  done  │ scaffold             │                 │
││ 1     │  done  │ frozen contracts     │                 │
││ 4     │  wip   │ hardening            │                 │
│└───────┴────────┴──────────────────────┘                 │
│                                                          │
│▎ tables render bordered now                              │
│                                                          │
│1. first                                                  │
│2. second                                                 │
│                                                          │
│                                                          │
└──────────────────────────────────────────────────────────┘
