---
source: crates/awm-tui/tests/snapshot.rs
expression: buffer_to_string(tui.backend())
---
┌@0 worker [-] working 1290tok───────────────────────────────────────┐
│⏺ Bash(ls -la)                                                      │
│⎿ total 8                                                           │
│  src                                                               │
│Summary                                                             │
│• two entries, one src dir                                          │
│• all good                                                          │
│                                                                    │
│                                                                    │
│                                                                    │
│                                                                    │
│                                                                    │
│                                                                    │
└────────────────────────────────────────────────────────────────────┘
