---
source: crates/awm-tui/tests/snapshot.rs
expression: buffer_to_string(tui.backend())
---
┌@0 builder [#1] working 3600tok───────────────────────────────────────────────┐
│⏺ Bash(cargo build)                                                           │
│⎿ Finished dev                                                                │
│                                                                              │
│                                                                              │
│                                                                              │
│                                                                              │
│                                                                              │
│                                                                              │
│                                                                              │
│                                                                              │
│                                                                              │
│                                                                              │
│                                                                              │
│                                                                              │
│                                                                              │
│                                                                              │
│                                                                              │
│                                                                              │
│                                                                              │
│                                                                              │
│                                                                              │
│                                                                              │
└──────────────────────────────────────────────────────────────────────────────┘
