---
source: crates/awm-tui/tests/snapshot.rs
expression: buffer_to_string(tui.backend())
---
┌! @1 cleaner [#2] BLOCKED 1020tok─────────────────────────────────────────────┐
│⏸ approval: Bash rm -rf build                                                 │
│                                                                              │
│                                                                              │
│                                                                              │
│                                                                              │
│                                                                              │
│                                                                              │
│                                                                              │
│                                                                              │
│                                                                              │
└──────────────────────────────────────────────────────────────────────────────┘
┌@0 builder [#1] working 3600tok───────────────────────────────────────────────┐
│⏺ Bash(cargo build)                                                           │
│⎿ Finished dev                                                                │
│                                                                              │
│                                                                              │
│                                                                              │
│                                                                              │
│                                                                              │
│                                                                              │
│                                                                              │
│                                                                              │
└──────────────────────────────────────────────────────────────────────────────┘
